Last login: Tue May 26 19:51:40 on ttys012
aanyalall@Aanyas-MacBook-Air-4 ~ % cd ~/Downloads/website
aanyalall@Aanyas-MacBook-Air-4 website % git remote set-url origin https://github.com/aanyalall2007/website-.git
aanyalall@Aanyas-MacBook-Air-4 website % git remote add origin https://github.com/aanyalall2007/website-.git
error: remote origin already exists.
aanyalall@Aanyas-MacBook-Air-4 website % git remote set-url origin https://github.com/aanyalall2007/website-.git
aanyalall@Aanyas-MacBook-Air-4 website % git push -u origin main
Username for 'https://github.com': aanyalall2007
Password for 'https://aanyalall2007@github.com': 
To https://github.com/aanyalall2007/website-.git
 ! [rejected]        main -> main (fetch first)
error: failed to push some refs to 'https://github.com/aanyalall2007/website-.git'
hint: Updates were rejected because the remote contains work that you do
hint: not have locally. This is usually caused by another repository pushing
hint: to the same ref. You may want to first integrate the remote changes
hint: (e.g., 'git pull ...') before pushing again.
hint: See the 'Note about fast-forwards' in 'git push --help' for details.
aanyalall@Aanyas-MacBook-Air-4 website % git pull origin main --allow-unrelated-histories
remote: Enumerating objects: 6, done.
remote: Counting objects: 100% (6/6), done.
remote: Compressing objects: 100% (6/6), done.
remote: Total 6 (delta 0), reused 0 (delta 0), pack-reused 0 (from 0)
Unpacking objects: 100% (6/6), 897.56 KiB | 2.03 MiB/s, done.
From https://github.com/aanyalall2007/website-
 * branch            main       -> FETCH_HEAD
 * [new branch]      main       -> origin/main
hint: You have divergent branches and need to specify how to reconcile them.
hint: You can do so by running one of the following commands sometime before
hint: your next pull:
hint: 
hint:   git config pull.rebase false  # merge
hint:   git config pull.rebase true   # rebase
hint:   git config pull.ff only       # fast-forward only
hint: 
hint: You can replace "git config" with "git config --global" to set a default
hint: preference for all repositories. You can also pass --rebase, --no-rebase,
hint: or --ff-only on the command line to override the configured default per
hint: invocation.
fatal: Need to specify how to reconcile divergent branches.
aanyalall@Aanyas-MacBook-Air-4 website % git config pull.rebase false
git pull origin main --allow-unrelated-histories
From https://github.com/aanyalall2007/website-
 * branch            main       -> FETCH_HEAD
Auto-merging aanya-portfolio-v14.html
CONFLICT (add/add): Merge conflict in aanya-portfolio-v14.html
Auto-merging art.html
CONFLICT (add/add): Merge conflict in art.html
Auto-merging photography.html
CONFLICT (add/add): Merge conflict in photography.html
Automatic merge failed; fix conflicts and then commit the result.
aanyalall@Aanyas-MacBook-Air-4 website % git checkout --ours -- aanya-portfolio-v14.html art.html photography.html
git add aanya-portfolio-v14.html art.html photography.html
git commit -m "resolve merge conflicts"
git push -u origin main
[main e9d2d2e] resolve merge conflicts
 Committer: Aanya Lall <aanyalall@Aanyas-MacBook-Air-4.local>
Your name and email address were configured automatically based
on your username and hostname. Please check that they are accurate.
You can suppress this message by setting them explicitly. Run the
following command and follow the instructions in your editor to edit
your configuration file:

    git config --global --edit

After doing this, you may fix the identity used for this commit with:

    git commit --amend --reset-author

Enumerating objects: 78, done.
Counting objects: 100% (78/78), done.
Delta compression using up to 8 threads
Compressing objects: 100% (72/72), done.
Writing objects: 100% (74/74), 52.42 MiB | 9.31 MiB/s, done.
Total 74 (delta 10), reused 0 (delta 0), pack-reused 0
remote: Resolving deltas: 100% (10/10), completed with 3 local objects.
To https://github.com/aanyalall2007/website-.git
   e1a6cf6..e9d2d2e  main -> main
branch 'main' set up to track 'origin/main'.
aanyalall@Aanyas-MacBook-Air-4 website % git add .
git commit -m "updated website"
git push
On branch main
Your branch is up to date with 'origin/main'.

nothing to commit, working tree clean
Everything up-to-date
aanyalall@Aanyas-MacBook-Air-4 website % 


